exit status 1
./sonyflake.go:173:2: importShadow: shadow of imported package 'time'
./awsutil/awsutil.go:22:15: ioutilDeprecated: ioutil.ReadAll is deprecated, use io.ReadAll instead
./awsutil/awsutil.go:53:11: regexpMust: for const patterns like "offset (.*) sec", use regexp.MustCompile

